// Jest Snapshot v1, https://goo.gl/fbAQLP

exports[`<HomePage /> should render and match the snapshot 1`] = `
<p
  class="MuiTypography-root-1 MuiTypography-body1-10"
>
  <span>
    This is the HomePage container!
  </span>
</p>
`;
